// Jest Snapshot v1, https://goo.gl/fbAQLP

exports[`Intro --- Shallow render component should be the same as the last snapshot 1`] = `
<main
  className="App"
>
  <Jumbotron
    className="bg-dark text-white"
    tag="div"
  >
    <Container
      tag="div"
    >
      <h1
        className="display-3"
      >
        SDV Gift Picker
      </h1>
      <p>
        Use this site to check which gifts you have available for the characters of
         
        <a
          href="http://stardewvalley.net/"
        >
          Stardew Valley
        </a>
        . The save is no uploaded and processed locally.
      </p>
      <Connect(Upload)
        className="mb-2"
      />
      <Connect(NoSaveButton) />
    </Container>
  </Jumbotron>
  <Container
    tag="div"
  >
    <Col
      tag="div"
      widths={
        Array [
          "xs",
          "sm",
          "md",
          "lg",
          "xl",
        ]
      }
      xs="12"
    >
      <h2>
        Help
      </h2>
      <p>
        Please use the full save file named with your farmer's name and a 9-digit ID number (e.g.
        <code>
          Fred_148093307
        </code>
        ); do not use the
         
        <code>
          SaveGameInfo
        </code>
         file as it does not contain all the necessary information.
      </p>
      <p>
        Default save file locations are:
      </p>
      <div>
        <ul>
          <li>
            Windows: 
            <code>
              %AppData%\\StardewValley\\Saves\\
            </code>
          </li>
          <li>
            Mac OSX & Linux:
             
            <code>
              ~/.config/StardewValley/Saves/
            </code>
          </li>
        </ul>
      </div>
    </Col>
    <About />
  </Container>
</main>
`;
