// Jest Snapshot v1, https://goo.gl/fbAQLP

exports[`components/Loader --- Snapshot should be the same as the last snapshot 1`] = `
<div
  className="loader-wrapper container"
>
  <h2>
    Loading
  </h2>
  <p>
    Loading Data please wait
  </p>
  <div
    className="loader"
  />
</div>
`;
